// Jest Snapshot v1, https://goo.gl/fbAQLP

exports[`<RouteMiddleware /> Component when rendering should render a component matching the snapshot 1`] = `
<Route
  render={[Function]}
/>
`;
