// Jest Snapshot v1, https://goo.gl/fbAQLP

exports[`<ContentSection /> component when rendering should render a component matching the snapshot 1`] = `
<div>
  <WithStyles(Paper) />
</div>
`;
